// Jest Snapshot v1, https://goo.gl/fbAQLP

exports[`matches snapshot 1`] = `
<div
  data-testid="page-title"
>
  <h1
    className="ui header"
  >
    India
     
    News
  </h1>
</div>
`;
